// Jest Snapshot v1, https://goo.gl/fbAQLP

exports[`AddProperty the page renders correctly against snapshot 1`] = `
<DocumentFragment>
  <div
    class="AddProperty"
    data-testid="AddProperty"
  >
    <form
      class="add-property-form"
      data-testid="property-form"
    >
      <label
        class="form-label"
      >
        Title:
        <input
          class="form-input"
          id="title"
          name="title"
          value=""
        />
      </label>
      <label
        class="form-label"
      >
        City:
        <div
          class="form-select"
        >
          <select
            class="form-options"
            id="city"
            name="city"
          >
            <option
              value="Manchester"
            >
              Manchester
            </option>
            <option
              value="Leeds"
            >
              Leeds
            </option>
            <option
              value="Sheffield"
            >
              Sheffield
            </option>
            <option
              value="Liverpool"
            >
              Liverpool
            </option>
          </select>
          <svg
            aria-hidden="true"
            class="svg-inline--fa fa-caret-down fa-w-10 "
            data-icon="caret-down"
            data-prefix="fas"
            focusable="false"
            role="img"
            viewBox="0 0 320 512"
            xmlns="http://www.w3.org/2000/svg"
          >
            <path
              d="M31.3 192h257.3c17.8 0 26.7 21.5 14.1 34.1L174.1 354.8c-7.8 7.8-20.5 7.8-28.3 0L17.2 226.1C4.6 213.5 13.5 192 31.3 192z"
              fill="currentColor"
            />
          </svg>
        </div>
      </label>
      <label
        class="form-label"
      >
        Type:
        <div
          class="form-select"
        >
          <select
            class="form-options"
            id="type"
            name="type"
          >
            <option
              value="Flat"
            >
              Flat
            </option>
            <option
              value="Detached"
            >
              Detached
            </option>
            <option
              value="Semi-Detached"
            >
              Semi-Detached
            </option>
            <option
              value="Terraced"
            >
              Terraced
            </option>
            <option
              value="End of Terrace"
            >
              End of Terrace
            </option>
            <option
              value="Cottage"
            >
              Cottage
            </option>
            <option
              value="Bungalow"
            >
              Bungalow
            </option>
          </select>
          <svg
            aria-hidden="true"
            class="svg-inline--fa fa-caret-down fa-w-10 "
            data-icon="caret-down"
            data-prefix="fas"
            focusable="false"
            role="img"
            viewBox="0 0 320 512"
            xmlns="http://www.w3.org/2000/svg"
          >
            <path
              d="M31.3 192h257.3c17.8 0 26.7 21.5 14.1 34.1L174.1 354.8c-7.8 7.8-20.5 7.8-28.3 0L17.2 226.1C4.6 213.5 13.5 192 31.3 192z"
              fill="currentColor"
            />
          </svg>
        </div>
      </label>
      <label
        class="form-label"
      >
        Bedrooms:
        <div
          class="form-select"
        >
          <select
            class="form-options"
            id="bedrooms"
            name="bedrooms"
          >
            <option
              value="1"
            >
              1
            </option>
            <option
              value="2"
            >
              2
            </option>
            <option
              value="3"
            >
              3
            </option>
            <option
              value="4"
            >
              4
            </option>
          </select>
          <svg
            aria-hidden="true"
            class="svg-inline--fa fa-caret-down fa-w-10 "
            data-icon="caret-down"
            data-prefix="fas"
            focusable="false"
            role="img"
            viewBox="0 0 320 512"
            xmlns="http://www.w3.org/2000/svg"
          >
            <path
              d="M31.3 192h257.3c17.8 0 26.7 21.5 14.1 34.1L174.1 354.8c-7.8 7.8-20.5 7.8-28.3 0L17.2 226.1C4.6 213.5 13.5 192 31.3 192z"
              fill="currentColor"
            />
          </svg>
        </div>
      </label>
      <label
        class="form-label"
      >
        Bathrooms:
        <div
          class="form-select"
        >
          <select
            class="form-options"
            id="bathrooms"
            name="bathrooms"
          >
            <option
              value="1"
            >
              1
            </option>
            <option
              value="2"
            >
              2
            </option>
            <option
              value="3"
            >
              3
            </option>
            <option
              value="4"
            >
              4
            </option>
          </select>
          <svg
            aria-hidden="true"
            class="svg-inline--fa fa-caret-down fa-w-10 "
            data-icon="caret-down"
            data-prefix="fas"
            focusable="false"
            role="img"
            viewBox="0 0 320 512"
            xmlns="http://www.w3.org/2000/svg"
          >
            <path
              d="M31.3 192h257.3c17.8 0 26.7 21.5 14.1 34.1L174.1 354.8c-7.8 7.8-20.5 7.8-28.3 0L17.2 226.1C4.6 213.5 13.5 192 31.3 192z"
              fill="currentColor"
            />
          </svg>
        </div>
      </label>
      <label
        class="form-label"
      >
        Price (£):
        <input
          class="form-input"
          id="price"
          min="0"
          name="price"
          step="5000"
          type="number"
          value="100000"
        />
      </label>
      <label
        class="form-label"
      >
        Email:
        <input
          class="form-input"
          id="email"
          name="email"
          type="email"
          value="yourName@example.com"
        />
      </label>
      <button
        class="add-property-button"
        type="submit"
      >
        Add
      </button>
    </form>
  </div>
</DocumentFragment>
`;
