// Jest Snapshot v1, https://goo.gl/fbAQLP

exports[`App the page renders correctly against snapshot 1`] = `
<DocumentFragment>
  <div
    class="App"
  >
    <div
      class="navbar"
    >
      <img
        alt="logo"
        class="logo"
        src="real-estate-logo.png"
      />
      <h2>
        Surreal Estate
      </h2>
      <ul
        class="navbar-links"
      >
        <li
          class="navbar-links-item"
        >
          <a
            class="navbar-link"
            href="/"
          >
            View Properties
          </a>
        </li>
        <li
          class="navbar-links-item"
        >
          <a
            class="navbar-link"
            href="/add-property"
          >
            Add Property
          </a>
        </li>
      </ul>
    </div>
    <div
      class="properties"
    >
      <div
        class="sidebar"
      >
        <label
          class="sidebar_section"
        >
          Filter By City:
          <ul
            class="sidebar__links"
          >
            <li
              class="sidebar__item"
            >
              <a
                class="sidebar__link"
                href="/"
              >
                All
              </a>
            </li>
            <li
              class="sidebar__item"
            >
              <a
                class="sidebar__link"
                href="/?query={\\"city\\":\\"Manchester\\"}"
              >
                Manchester
              </a>
            </li>
            <li
              class="sidebar__item"
            >
              <a
                class="sidebar__link"
                href="/?query={\\"city\\":\\"Leeds\\"}"
              >
                Leeds
              </a>
            </li>
            <li
              class="sidebar__item"
            >
              <a
                class="sidebar__link"
                href="/?query={\\"city\\":\\"Sheffield\\"}"
              >
                Sheffield
              </a>
            </li>
            <li
              class="sidebar__item"
            >
              <a
                class="sidebar__link"
                href="/?query={\\"city\\":\\"Liverpool\\"}"
              >
                Liverpool
              </a>
            </li>
          </ul>
        </label>
        <label
          class="sidebar__section"
        >
          Sort By:
          <ul
            class="sidebar__links"
          >
            <li
              class="sidebar__item"
            >
              <a
                class="sidebar__link"
                href="/?sort={\\"price\\":1}"
              >
                Price - Ascending
              </a>
            </li>
            <li
              class="sidebar__item"
            >
              <a
                class="sidebar__link"
                href="/?sort={\\"price\\":-1}"
              >
                Price - Descending
              </a>
            </li>
          </ul>
        </label>
      </div>
      <div
        class="properties__loading"
      >
        loading
      </div>
      <div
        class="property-listings"
      />
    </div>
  </div>
</DocumentFragment>
`;
