// Jest Snapshot v1, https://goo.gl/fbAQLP

exports[`App the page renders correctly against snapshot 1`] = `
<DocumentFragment>
  <div
    class="App"
  >
    <div
      class="navbar"
    >
      <div
        class="burger"
      >
        <input
          class="burger__toggle"
          type="checkbox"
        />
        <div
          class="burger__lines"
        >
          <div />
        </div>
      </div>
      <img
        alt="logo"
        class="logo"
        src="real-estate-logo.png"
      />
      <h2
        class="navbar-title"
      >
        <a
          class="navbar-title-link"
          href="/"
        >
          Surreal Estate
        </a>
      </h2>
      <ul
        class="navbar-links navbar-links--visible"
      >
        <li
          class="navbar-links-item"
        >
          <a
            class="navbar-link"
            href="/properties"
          >
            View Properties
          </a>
        </li>
        <li
          class="navbar-links-item"
        >
          <a
            class="navbar-link"
            href="/add-property"
          >
            Add Property
          </a>
        </li>
        <li
          class="navbar-links-item"
        >
          <p>
            TypeError: Cannot read property 'parentNode' of undefined
          </p>
        </li>
      </ul>
    </div>
    <div
      class="home-page"
    >
      <aside
        class="home-page__welcome"
      >
        <h2
          class="home-page__heading"
        >
          Welcome
        </h2>
        <p>
          From our app you're able to view, search and post properties within the UK.
        </p>
        <p>
          Save your favourite properties to view later by logging in with Facebook
        </p>
      </aside>
    </div>
    <div
      class="footer"
    >
      <ul
        class="footer__contents"
      >
        <li
          class="footer__item"
        >
          Justin Sandahl 2020
        </li>
      </ul>
    </div>
    <div
      id="fb-root"
    />
  </div>
</DocumentFragment>
`;
