// Jest Snapshot v1, https://goo.gl/fbAQLP

exports[`App the page renders correctly against snapshot 1`] = `
<DocumentFragment>
  <div
    class="App"
  >
    <div
      class="navbar"
    >
      <img
        alt="logo"
        class="logo"
        src="real-estate-logo.png"
      />
      <h2>
        Surreal Estate
      </h2>
      <ul
        class="navbar-links"
      >
        <li
          class="navbar-links-item"
        >
          <a
            class="navbar-link"
            href="/"
          >
            View Properties
          </a>
        </li>
        <li
          class="navbar-links-item"
        >
          <a
            class="navbar-link"
            href="/add-property"
          >
            Add Property
          </a>
        </li>
      </ul>
    </div>
    <div>
      Properties Page
      <div>
        <div
          class="property-card"
        >
          <div
            class="property-card__logo"
          >
            <img
              alt="logo"
              class="logo"
              src="real-estate-logo.png"
            />
          </div>
          <div
            class="property-card__title"
            data-testid="title"
          >
            Property for rent
          </div>
          <div
            class="property-card__type"
            data-testid="type"
          >
            Flat
          </div>
          <div
            class="property-card__city"
            data-testid="city"
          >
            Manchester
          </div>
          <div
            class="property-card__bedrooms"
            data-testid="bedrooms"
          >
            2
          </div>
          <div
            class="property-card__bathrooms"
            data-testid="bathrooms"
          >
            2
          </div>
          <div
            class="property-card__price"
            data-testid="price"
          >
            100000
          </div>
          <button
            class="property-card__email"
            href="mailto:test@test.com"
          >
            Email
          </button>
        </div>
      </div>
    </div>
  </div>
</DocumentFragment>
`;
