// Jest Snapshot v1, https://goo.gl/fbAQLP

exports[`NavBar the page renders correctly against snapshot 1`] = `
<DocumentFragment>
  <div
    class="navbar"
  >
    <img
      alt="logo"
      class="logo"
      src="real-estate-logo.png"
    />
    <h2>
      Surreal Estate
    </h2>
    <ul
      class="navbar-links"
    >
      <li
        class="navbar-links-item"
      >
        <a
          class="navbar-link"
          href="/"
        >
          View Properties
        </a>
      </li>
      <li
        class="navbar-links-item"
      >
        <a
          class="navbar-link"
          href="/add-property"
        >
          Add Property
        </a>
      </li>
    </ul>
  </div>
</DocumentFragment>
`;
