// Jest Snapshot v1, https://goo.gl/fbAQLP

exports[`Properties the page renders correctly against snapshot 1`] = `
<DocumentFragment>
  <div
    class="properties"
  >
    <div
      class="properties__main"
    >
      <div
        class="loading"
      >
        <div
          class="indeterminate"
        />
      </div>
      <div
        class="property-listings"
      />
    </div>
    <div
      class="sidebar"
    >
      <div
        class="burger"
      >
        <input
          class="burger__toggle"
          type="checkbox"
        />
        <div
          class="burger__lines"
        >
          <div />
        </div>
      </div>
      <div
        class="sidebar__filters--collapsed"
      >
        <form
          class="search-form"
        >
          <input
            class="search-form__input"
            type="text"
            value=""
          />
          <button
            class="search-form__submit"
            type="submit"
          >
            <svg
              aria-hidden="true"
              class="svg-inline--fa fa-search fa-w-16 "
              data-icon="search"
              data-prefix="fas"
              focusable="false"
              role="img"
              viewBox="0 0 512 512"
              xmlns="http://www.w3.org/2000/svg"
            >
              <path
                d="M505 442.7L405.3 343c-4.5-4.5-10.6-7-17-7H372c27.6-35.3 44-79.7 44-128C416 93.1 322.9 0 208 0S0 93.1 0 208s93.1 208 208 208c48.3 0 92.7-16.4 128-44v16.3c0 6.4 2.5 12.5 7 17l99.7 99.7c9.4 9.4 24.6 9.4 33.9 0l28.3-28.3c9.4-9.4 9.4-24.6.1-34zM208 336c-70.7 0-128-57.2-128-128 0-70.7 57.2-128 128-128 70.7 0 128 57.2 128 128 0 70.7-57.2 128-128 128z"
                fill="currentColor"
              />
            </svg>
          </button>
        </form>
        <label
          class="sidebar__section"
        >
          Filter By City:
          <ul
            class="sidebar__links"
          >
            <li
              class="sidebar__item"
            >
              <a
                class="sidebar__link"
                href="/properties"
              >
                All
              </a>
            </li>
            <li
              class="sidebar__item"
            >
              <a
                class="sidebar__link"
                href="/?query={\\"city\\":\\"Manchester\\"}"
              >
                Manchester
              </a>
            </li>
            <li
              class="sidebar__item"
            >
              <a
                class="sidebar__link"
                href="/?query={\\"city\\":\\"Leeds\\"}"
              >
                Leeds
              </a>
            </li>
            <li
              class="sidebar__item"
            >
              <a
                class="sidebar__link"
                href="/?query={\\"city\\":\\"Sheffield\\"}"
              >
                Sheffield
              </a>
            </li>
            <li
              class="sidebar__item"
            >
              <a
                class="sidebar__link"
                href="/?query={\\"city\\":\\"Liverpool\\"}"
              >
                Liverpool
              </a>
            </li>
          </ul>
        </label>
        <label
          class="sidebar__section"
        >
          Sort By:
          <ul
            class="sidebar__links"
          >
            <li
              class="sidebar__item"
            >
              <a
                class="sidebar__link"
                href="/?sort={\\"price\\":1}"
              >
                Price - from lowest
              </a>
            </li>
            <li
              class="sidebar__item"
            >
              <a
                class="sidebar__link"
                href="/?sort={\\"price\\":-1}"
              >
                Price - from highest
              </a>
            </li>
          </ul>
        </label>
      </div>
    </div>
  </div>
</DocumentFragment>
`;
