// Jest Snapshot v1, https://goo.gl/fbAQLP

exports[`SavedProperties it renders correctly against a snapshot 1`] = `
<DocumentFragment>
  <div
    class="saved-properties"
    data-testid="saved-properties"
  >
    <div
      class="loading"
    >
      <div
        class="indeterminate"
      />
    </div>
    <div
      class="favourites-list"
    />
  </div>
</DocumentFragment>
`;
