// Jest Snapshot v1, https://goo.gl/fbAQLP

exports[`SideBar the component renders correctly against snapshot 1`] = `
<DocumentFragment>
  <div
    class="sidebar"
  >
    <label>
      Filter By City:
      <ul
        class="sidebar__links"
      >
        <li
          class="sidebar__item"
        >
          <a
            class="sidebar__link"
            href="/?query={\\"city\\": \\"Manchester\\"}"
          >
            Manchester
          </a>
        </li>
        <li
          class="sidebar__item"
        >
          <a
            class="sidebar__link"
            href="/?query={\\"city\\": \\"Leeds\\"}"
          >
            Leeds
          </a>
        </li>
        <li
          class="sidebar__item"
        >
          <a
            class="sidebar__link"
            href="/?query={\\"city\\": \\"Sheffield\\"}"
          >
            Sheffield
          </a>
        </li>
        <li
          class="sidebar__item"
        >
          <a
            class="sidebar__link"
            href="/?query={\\"city\\": \\"Liverpool\\"}"
          >
            Liverpool
          </a>
        </li>
      </ul>
    </label>
  </div>
</DocumentFragment>
`;
